Release 14.7 - xst P.20131013 (nt64)
Copyright (c) 1995-2013 Xilinx, Inc.  All rights reserved.
--> Parameter TMPDIR set to xst/projnav.tmp


Total REAL time to Xst completion: 0.00 secs
Total CPU time to Xst completion: 0.15 secs
 
--> Parameter xsthdpdir set to xst


Total REAL time to Xst completion: 0.00 secs
Total CPU time to Xst completion: 0.16 secs
 
--> Reading design: parking_capacity_counter.prj

TABLE OF CONTENTS
  1) Synthesis Options Summary
  2) HDL Parsing
  3) HDL Elaboration
  4) HDL Synthesis
       4.1) HDL Synthesis Report
  5) Advanced HDL Synthesis
       5.1) Advanced HDL Synthesis Report
  6) Low Level Synthesis
  7) Partition Report
  8) Design Summary
       8.1) Primitive and Black Box Usage
       8.2) Device utilization summary
       8.3) Partition Resource Summary
       8.4) Timing Report
            8.4.1) Clock Information
            8.4.2) Asynchronous Control Signals Information
            8.4.3) Timing Summary
            8.4.4) Timing Details
            8.4.5) Cross Clock Domains Report


=========================================================================
*                      Synthesis Options Summary                        *
=========================================================================
---- Source Parameters
Input File Name                    : "parking_capacity_counter.prj"
Ignore Synthesis Constraint File   : NO

---- Target Parameters
Output File Name                   : "parking_capacity_counter"
Output Format                      : NGC
Target Device                      : xc7a100t-3-csg324

---- Source Options
Top Module Name                    : parking_capacity_counter
Automatic FSM Extraction           : YES
FSM Encoding Algorithm             : Auto
Safe Implementation                : No
FSM Style                          : LUT
RAM Extraction                     : Yes
RAM Style                          : Auto
ROM Extraction                     : Yes
Shift Register Extraction          : YES
ROM Style                          : Auto
Resource Sharing                   : YES
Asynchronous To Synchronous        : NO
Shift Register Minimum Size        : 2
Use DSP Block                      : Auto
Automatic Register Balancing       : No

---- Target Options
LUT Combining                      : Auto
Reduce Control Sets                : Auto
Add IO Buffers                     : YES
Global Maximum Fanout              : 100000
Add Generic Clock Buffer(BUFG)     : 32
Register Duplication               : YES
Optimize Instantiated Primitives   : NO
Use Clock Enable                   : Auto
Use Synchronous Set                : Auto
Use Synchronous Reset              : Auto
Pack IO Registers into IOBs        : Auto
Equivalent register Removal        : YES

---- General Options
Optimization Goal                  : Speed
Optimization Effort                : 1
Power Reduction                    : NO
Keep Hierarchy                     : No
Netlist Hierarchy                  : As_Optimized
RTL Output                         : Yes
Global Optimization                : AllClockNets
Read Cores                         : YES
Write Timing Constraints           : NO
Cross Clock Analysis               : NO
Hierarchy Separator                : /
Bus Delimiter                      : <>
Case Specifier                     : Maintain
Slice Utilization Ratio            : 100
BRAM Utilization Ratio             : 100
DSP48 Utilization Ratio            : 100
Auto BRAM Packing                  : NO
Slice Utilization Ratio Delta      : 5

=========================================================================


=========================================================================
*                          HDL Parsing                                  *
=========================================================================
Analyzing Verilog file "C:\Users\ASUS.PIESC\Desktop\Logic Circuit Final Project Section-01\module_5\fullAdder.v" into library work
Parsing module <fullAdder>.
Analyzing Verilog file "C:\Users\ASUS.PIESC\Desktop\Logic Circuit Final Project Section-01\module_5\wireOfSum.v" into library work
Parsing module <wireOfSum>.
Analyzing Verilog file "C:\Users\ASUS.PIESC\Desktop\Logic Circuit Final Project Section-01\module_5\parking_capacity_counter.v" into library work
Parsing module <parking_capacity_counter>.

=========================================================================
*                            HDL Elaboration                            *
=========================================================================

Elaborating module <parking_capacity_counter>.

Elaborating module <wireOfSum>.

Elaborating module <fullAdder>.

=========================================================================
*                           HDL Synthesis                               *
=========================================================================

Synthesizing Unit <parking_capacity_counter>.
    Related source file is "C:\Users\ASUS.PIESC\Desktop\Logic Circuit Final Project Section-01\module_5\parking_capacity_counter.v".
    Summary:
	no macro.
Unit <parking_capacity_counter> synthesized.

Synthesizing Unit <wireOfSum>.
    Related source file is "C:\Users\ASUS.PIESC\Desktop\Logic Circuit Final Project Section-01\module_5\wireOfSum.v".
INFO:Xst:3210 - "C:\Users\ASUS.PIESC\Desktop\Logic Circuit Final Project Section-01\module_5\wireOfSum.v" line 34: Output port <cout> of the instance <A4> is unconnected or connected to loadless signal.
INFO:Xst:3210 - "C:\Users\ASUS.PIESC\Desktop\Logic Circuit Final Project Section-01\module_5\wireOfSum.v" line 39: Output port <cout> of the instance <A8> is unconnected or connected to loadless signal.
    Summary:
	no macro.
Unit <wireOfSum> synthesized.

Synthesizing Unit <fullAdder>.
    Related source file is "C:\Users\ASUS.PIESC\Desktop\Logic Circuit Final Project Section-01\module_5\fullAdder.v".
    Summary:
Unit <fullAdder> synthesized.

=========================================================================
HDL Synthesis Report

Macro Statistics
# Xors                                                 : 128
 1-bit xor2                                            : 128

=========================================================================

=========================================================================
*                       Advanced HDL Synthesis                          *
=========================================================================


=========================================================================
Advanced HDL Synthesis Report

Macro Statistics
# Xors                                                 : 128
 1-bit xor2                                            : 128

=========================================================================

=========================================================================
*                         Low Level Synthesis                           *
=========================================================================

Optimizing unit <parking_capacity_counter> ...

Mapping all equations...
Building and optimizing final netlist ...
Found area constraint ratio of 100 (+ 5) on block parking_capacity_counter, actual ratio is 0.

Final Macro Processing ...

=========================================================================
Final Register Report

Found no macro
=========================================================================

=========================================================================
*                           Partition Report                            *
=========================================================================

Partition Implementation Status
-------------------------------

  No Partitions were found in this design.

-------------------------------

=========================================================================
*                            Design Summary                             *
=========================================================================

Top Level Output File Name         : parking_capacity_counter.ngc

Primitive and Black Box Usage:
------------------------------
# BELS                             : 11
#      LUT4                        : 1
#      LUT5                        : 6
#      LUT6                        : 4
# IO Buffers                       : 16
#      IBUF                        : 8
#      OBUF                        : 8

Device utilization summary:
---------------------------

Selected Device : 7a100tcsg324-3 


Slice Logic Utilization: 
 Number of Slice LUTs:                   11  out of  63400     0%  
    Number used as Logic:                11  out of  63400     0%  

Slice Logic Distribution: 
 Number of LUT Flip Flop pairs used:     11
   Number with an unused Flip Flop:      11  out of     11   100%  
   Number with an unused LUT:             0  out of     11     0%  
   Number of fully used LUT-FF pairs:     0  out of     11     0%  
   Number of unique control sets:         0

IO Utilization: 
 Number of IOs:                          16
 Number of bonded IOBs:                  16  out of    210     7%  

Specific Feature Utilization:

---------------------------
Partition Resource Summary:
---------------------------

  No Partitions were found in this design.

---------------------------


=========================================================================
Timing Report

NOTE: THESE TIMING NUMBERS ARE ONLY A SYNTHESIS ESTIMATE.
      FOR ACCURATE TIMING INFORMATION PLEASE REFER TO THE TRACE REPORT
      GENERATED AFTER PLACE-and-ROUTE.

Clock Information:
------------------
No clock signals found in this design

Asynchronous Control Signals Information:
----------------------------------------
No asynchronous control signals found in this design

Timing Summary:
---------------
Speed Grade: -3

   Minimum period: No path found
   Minimum input arrival time before clock: No path found
   Maximum output required time after clock: No path found
   Maximum combinational path delay: 1.883ns

Timing Details:
---------------
All values displayed in nanoseconds (ns)

=========================================================================
Timing constraint: Default path analysis
  Total number of paths / destination ports: 114 / 8
-------------------------------------------------------------------------
Delay:               1.883ns (Levels of Logic = 4)
  Source:            new_capacity<0> (PAD)
  Destination:       parked<2> (PAD)

  Data Path: new_capacity<0> to parked<2>
                                Gate     Net
    Cell:in->out      fanout   Delay   Delay  Logical Name (Net Name)
    ----------------------------------------  ------------
     IBUF:I->O             4   0.001   0.697  new_capacity_0_IBUF (empty1<0>)
     LUT5:I0->O            7   0.097   0.711  s4/A1/Mxor_sum_xo<0>1 (empty5<0>)
     LUT6:I1->O            1   0.097   0.279  s7/A7/Mxor_sum_xo<0>1 (parked_2_OBUF)
     OBUF:I->O                 0.000          parked_2_OBUF (parked<2>)
    ----------------------------------------
    Total                      1.883ns (0.195ns logic, 1.688ns route)
                                       (10.4% logic, 89.6% route)

=========================================================================

Cross Clock Domains Report:
--------------------------

=========================================================================


Total REAL time to Xst completion: 12.00 secs
Total CPU time to Xst completion: 12.79 secs
 
--> 

Total memory usage is 4617624 kilobytes

Number of errors   :    0 (   0 filtered)
Number of warnings :    0 (   0 filtered)
Number of infos    :    2 (   0 filtered)

