--------------------------------------------------------------------------------
Release 14.7 Trace  (nt64)
Copyright (c) 1995-2013 Xilinx, Inc.  All rights reserved.

C:\Xilinx\14.7\ISE_DS\ISE\bin\nt64\unwrapped\trce.exe -intstyle ise -v 3 -s 3
-n 3 -fastpaths -xml time_calculate.twx time_calculate.ncd -o
time_calculate.twr time_calculate.pcf

Design file:              time_calculate.ncd
Physical constraint file: time_calculate.pcf
Device,package,speed:     xc7a100t,csg324,C,-3 (PRODUCTION 1.10 2013-10-13)
Report level:             verbose report

Environment Variable      Effect 
--------------------      ------ 
NONE                      No environment variables were set
--------------------------------------------------------------------------------

INFO:Timing:2698 - No timing constraints found, doing default enumeration.
INFO:Timing:3412 - To improve timing, see the Timing Closure User Guide (UG612).
INFO:Timing:2752 - To get complete path coverage, use the unconstrained paths 
   option. All paths that are not constrained will be reported in the 
   unconstrained paths section(s) of the report.
INFO:Timing:3339 - The clock-to-out numbers in this timing report are based on 
   a 50 Ohm transmission line loading model.  For the details of this model, 
   and for more information on accounting for different loading conditions, 
   please see the device datasheet.



Data Sheet report:
-----------------
All values displayed in nanoseconds (ns)

Pad to Pad
---------------+---------------+---------+
Source Pad     |Destination Pad|  Delay  |
---------------+---------------+---------+
time_in<0>     |time_total<0>  |    5.359|
time_in<0>     |time_total<1>  |    5.395|
time_in<0>     |time_total<2>  |    5.706|
time_in<0>     |time_total<3>  |    6.351|
time_in<0>     |time_total<4>  |    6.444|
time_in<0>     |time_total<5>  |    6.921|
time_in<0>     |time_total<6>  |    7.695|
time_in<0>     |time_total<7>  |    7.436|
time_in<1>     |time_total<1>  |    5.852|
time_in<1>     |time_total<2>  |    5.465|
time_in<1>     |time_total<3>  |    6.112|
time_in<1>     |time_total<4>  |    6.178|
time_in<1>     |time_total<5>  |    6.831|
time_in<1>     |time_total<6>  |    7.460|
time_in<1>     |time_total<7>  |    7.201|
time_in<2>     |time_total<2>  |    5.981|
time_in<2>     |time_total<3>  |    6.235|
time_in<2>     |time_total<4>  |    6.328|
time_in<2>     |time_total<5>  |    6.813|
time_in<2>     |time_total<6>  |    7.579|
time_in<2>     |time_total<7>  |    7.320|
time_in<3>     |time_total<3>  |    5.513|
time_in<3>     |time_total<4>  |    5.718|
time_in<3>     |time_total<5>  |    6.390|
time_in<3>     |time_total<6>  |    6.869|
time_in<3>     |time_total<7>  |    6.610|
time_in<4>     |time_total<4>  |    5.403|
time_in<4>     |time_total<5>  |    5.493|
time_in<4>     |time_total<6>  |    6.041|
time_in<4>     |time_total<7>  |    5.800|
time_in<5>     |time_total<5>  |    5.549|
time_in<5>     |time_total<6>  |    6.066|
time_in<5>     |time_total<7>  |    5.959|
time_in<6>     |time_total<6>  |    5.387|
time_in<6>     |time_total<7>  |    5.289|
time_in<7>     |time_total<7>  |    5.704|
time_out<0>    |time_total<0>  |    5.827|
time_out<0>    |time_total<1>  |    5.857|
time_out<0>    |time_total<2>  |    5.732|
time_out<0>    |time_total<3>  |    6.558|
time_out<0>    |time_total<4>  |    6.651|
time_out<0>    |time_total<5>  |    7.142|
time_out<0>    |time_total<6>  |    7.902|
time_out<0>    |time_total<7>  |    7.643|
time_out<1>    |time_total<1>  |    5.865|
time_out<1>    |time_total<2>  |    5.550|
time_out<1>    |time_total<3>  |    6.362|
time_out<1>    |time_total<4>  |    6.455|
time_out<1>    |time_total<5>  |    6.878|
time_out<1>    |time_total<6>  |    7.706|
time_out<1>    |time_total<7>  |    7.447|
time_out<2>    |time_total<2>  |    5.702|
time_out<2>    |time_total<3>  |    6.430|
time_out<2>    |time_total<4>  |    6.523|
time_out<2>    |time_total<5>  |    7.004|
time_out<2>    |time_total<6>  |    7.774|
time_out<2>    |time_total<7>  |    7.515|
time_out<3>    |time_total<3>  |    5.879|
time_out<3>    |time_total<4>  |    5.685|
time_out<3>    |time_total<5>  |    6.538|
time_out<3>    |time_total<6>  |    7.219|
time_out<3>    |time_total<7>  |    6.960|
time_out<4>    |time_total<4>  |    5.768|
time_out<4>    |time_total<5>  |    5.615|
time_out<4>    |time_total<6>  |    6.192|
time_out<4>    |time_total<7>  |    6.264|
time_out<5>    |time_total<5>  |    5.686|
time_out<5>    |time_total<6>  |    6.209|
time_out<5>    |time_total<7>  |    5.950|
time_out<6>    |time_total<6>  |    5.723|
time_out<6>    |time_total<7>  |    5.519|
time_out<7>    |time_total<7>  |    5.591|
---------------+---------------+---------+


Analysis completed Wed Jan 05 23:38:38 2022 
--------------------------------------------------------------------------------

Trace Settings:
-------------------------
Trace Settings 

Peak Memory Usage: 4997 MB



