Release 14.7 - xst P.20131013 (nt64)
Copyright (c) 1995-2013 Xilinx, Inc.  All rights reserved.
--> Parameter TMPDIR set to xst/projnav.tmp


Total REAL time to Xst completion: 0.00 secs
Total CPU time to Xst completion: 0.13 secs
 
--> Parameter xsthdpdir set to xst


Total REAL time to Xst completion: 0.00 secs
Total CPU time to Xst completion: 0.13 secs
 
--> Reading design: time_calculate.prj

TABLE OF CONTENTS
  1) Synthesis Options Summary
  2) HDL Parsing
  3) HDL Elaboration
  4) HDL Synthesis
       4.1) HDL Synthesis Report
  5) Advanced HDL Synthesis
       5.1) Advanced HDL Synthesis Report
  6) Low Level Synthesis
  7) Partition Report
  8) Design Summary
       8.1) Primitive and Black Box Usage
       8.2) Device utilization summary
       8.3) Partition Resource Summary
       8.4) Timing Report
            8.4.1) Clock Information
            8.4.2) Asynchronous Control Signals Information
            8.4.3) Timing Summary
            8.4.4) Timing Details
            8.4.5) Cross Clock Domains Report


=========================================================================
*                      Synthesis Options Summary                        *
=========================================================================
---- Source Parameters
Input File Name                    : "time_calculate.prj"
Ignore Synthesis Constraint File   : NO

---- Target Parameters
Output File Name                   : "time_calculate"
Output Format                      : NGC
Target Device                      : xc7a100t-3-csg324

---- Source Options
Top Module Name                    : time_calculate
Automatic FSM Extraction           : YES
FSM Encoding Algorithm             : Auto
Safe Implementation                : No
FSM Style                          : LUT
RAM Extraction                     : Yes
RAM Style                          : Auto
ROM Extraction                     : Yes
Shift Register Extraction          : YES
ROM Style                          : Auto
Resource Sharing                   : YES
Asynchronous To Synchronous        : NO
Shift Register Minimum Size        : 2
Use DSP Block                      : Auto
Automatic Register Balancing       : No

---- Target Options
LUT Combining                      : Auto
Reduce Control Sets                : Auto
Add IO Buffers                     : YES
Global Maximum Fanout              : 100000
Add Generic Clock Buffer(BUFG)     : 32
Register Duplication               : YES
Optimize Instantiated Primitives   : NO
Use Clock Enable                   : Auto
Use Synchronous Set                : Auto
Use Synchronous Reset              : Auto
Pack IO Registers into IOBs        : Auto
Equivalent register Removal        : YES

---- General Options
Optimization Goal                  : Speed
Optimization Effort                : 1
Power Reduction                    : NO
Keep Hierarchy                     : No
Netlist Hierarchy                  : As_Optimized
RTL Output                         : Yes
Global Optimization                : AllClockNets
Read Cores                         : YES
Write Timing Constraints           : NO
Cross Clock Analysis               : NO
Hierarchy Separator                : /
Bus Delimiter                      : <>
Case Specifier                     : Maintain
Slice Utilization Ratio            : 100
BRAM Utilization Ratio             : 100
DSP48 Utilization Ratio            : 100
Auto BRAM Packing                  : NO
Slice Utilization Ratio Delta      : 5

=========================================================================


=========================================================================
*                          HDL Parsing                                  *
=========================================================================
Analyzing Verilog file "C:\Users\ASUS.PIESC\Desktop\Logic Circuit Final Project Section-01\module_4\fullAdder.v" into library work
Parsing module <fullAdder>.
Analyzing Verilog file "C:\Users\ASUS.PIESC\Desktop\Logic Circuit Final Project Section-01\module_4\adderSubtractor.v" into library work
Parsing module <adderSubtractor>.
Analyzing Verilog file "C:\Users\ASUS.PIESC\Desktop\Logic Circuit Final Project Section-01\module_4\Subtractors.v" into library work
Parsing module <Subtractors>.
Analyzing Verilog file "C:\Users\ASUS.PIESC\Desktop\Logic Circuit Final Project Section-01\module_4\time_calculate.v" into library work
Parsing module <time_calculate>.

=========================================================================
*                            HDL Elaboration                            *
=========================================================================

Elaborating module <time_calculate>.

Elaborating module <Subtractors>.

Elaborating module <adderSubtractor>.

Elaborating module <fullAdder>.
WARNING:HDLCompiler:189 - "C:\Users\ASUS.PIESC\Desktop\Logic Circuit Final Project Section-01\module_4\Subtractors.v" Line 34: Size mismatch in connection of port <cin>. Formal port size is 1-bit while actual signal size is 32-bit.
WARNING:HDLCompiler:189 - "C:\Users\ASUS.PIESC\Desktop\Logic Circuit Final Project Section-01\module_4\Subtractors.v" Line 45: Size mismatch in connection of port <cin>. Formal port size is 1-bit while actual signal size is 32-bit.

=========================================================================
*                           HDL Synthesis                               *
=========================================================================

Synthesizing Unit <time_calculate>.
    Related source file is "C:\Users\ASUS.PIESC\Desktop\Logic Circuit Final Project Section-01\module_4\time_calculate.v".
    Summary:
	no macro.
Unit <time_calculate> synthesized.

Synthesizing Unit <Subtractors>.
    Related source file is "C:\Users\ASUS.PIESC\Desktop\Logic Circuit Final Project Section-01\module_4\Subtractors.v".
INFO:Xst:3210 - "C:\Users\ASUS.PIESC\Desktop\Logic Circuit Final Project Section-01\module_4\Subtractors.v" line 41: Output port <cout> of the instance <lastSub> is unconnected or connected to loadless signal.
INFO:Xst:3210 - "C:\Users\ASUS.PIESC\Desktop\Logic Circuit Final Project Section-01\module_4\Subtractors.v" line 52: Output port <cout> of the instance <lastadder> is unconnected or connected to loadless signal.
    Summary:
	no macro.
Unit <Subtractors> synthesized.

Synthesizing Unit <adderSubtractor>.
    Related source file is "C:\Users\ASUS.PIESC\Desktop\Logic Circuit Final Project Section-01\module_4\adderSubtractor.v".
    Summary:
Unit <adderSubtractor> synthesized.

Synthesizing Unit <fullAdder>.
    Related source file is "C:\Users\ASUS.PIESC\Desktop\Logic Circuit Final Project Section-01\module_4\fullAdder.v".
    Summary:
Unit <fullAdder> synthesized.

=========================================================================
HDL Synthesis Report

Macro Statistics
# Xors                                                 : 40
 1-bit xor2                                            : 40

=========================================================================

=========================================================================
*                       Advanced HDL Synthesis                          *
=========================================================================


=========================================================================
Advanced HDL Synthesis Report

Macro Statistics
# Xors                                                 : 40
 1-bit xor2                                            : 40

=========================================================================

=========================================================================
*                         Low Level Synthesis                           *
=========================================================================

Optimizing unit <time_calculate> ...

Optimizing unit <Subtractors> ...

Mapping all equations...
Building and optimizing final netlist ...
Found area constraint ratio of 100 (+ 5) on block time_calculate, actual ratio is 0.

Final Macro Processing ...

=========================================================================
Final Register Report

Found no macro
=========================================================================

=========================================================================
*                           Partition Report                            *
=========================================================================

Partition Implementation Status
-------------------------------

  No Partitions were found in this design.

-------------------------------

=========================================================================
*                            Design Summary                             *
=========================================================================

Top Level Output File Name         : time_calculate.ngc

Primitive and Black Box Usage:
------------------------------
# BELS                             : 14
#      LUT2                        : 1
#      LUT3                        : 1
#      LUT4                        : 4
#      LUT5                        : 1
#      LUT6                        : 7
# IO Buffers                       : 24
#      IBUF                        : 16
#      OBUF                        : 8

Device utilization summary:
---------------------------

Selected Device : 7a100tcsg324-3 


Slice Logic Utilization: 
 Number of Slice LUTs:                   14  out of  63400     0%  
    Number used as Logic:                14  out of  63400     0%  

Slice Logic Distribution: 
 Number of LUT Flip Flop pairs used:     14
   Number with an unused Flip Flop:      14  out of     14   100%  
   Number with an unused LUT:             0  out of     14     0%  
   Number of fully used LUT-FF pairs:     0  out of     14     0%  
   Number of unique control sets:         0

IO Utilization: 
 Number of IOs:                          24
 Number of bonded IOBs:                  24  out of    210    11%  

Specific Feature Utilization:

---------------------------
Partition Resource Summary:
---------------------------

  No Partitions were found in this design.

---------------------------


=========================================================================
Timing Report

NOTE: THESE TIMING NUMBERS ARE ONLY A SYNTHESIS ESTIMATE.
      FOR ACCURATE TIMING INFORMATION PLEASE REFER TO THE TRACE REPORT
      GENERATED AFTER PLACE-and-ROUTE.

Clock Information:
------------------
No clock signals found in this design

Asynchronous Control Signals Information:
----------------------------------------
No asynchronous control signals found in this design

Timing Summary:
---------------
Speed Grade: -3

   Minimum period: No path found
   Minimum input arrival time before clock: No path found
   Maximum output required time after clock: No path found
   Maximum combinational path delay: 3.195ns

Timing Details:
---------------
All values displayed in nanoseconds (ns)

=========================================================================
Timing constraint: Default path analysis
  Total number of paths / destination ports: 150 / 8
-------------------------------------------------------------------------
Delay:               3.195ns (Levels of Logic = 6)
  Source:            time_in<2> (PAD)
  Destination:       time_total<6> (PAD)

  Data Path: time_in<2> to time_total<6>
                                Gate     Net
    Cell:in->out      fanout   Delay   Delay  Logical Name (Net Name)
    ----------------------------------------  ------------
     IBUF:I->O             3   0.001   0.703  time_in_2_IBUF (time_in_2_IBUF)
     LUT6:I0->O            3   0.097   0.566  TimeSub/thirdadder/temp21 (TimeSub/secondCarryOut<2>)
     LUT4:I0->O            2   0.097   0.697  TimeSub/fourthadder/temp21 (TimeSub/fourthadder/temp2)
     LUT6:I0->O            2   0.097   0.561  TimeSub/sixthadder/temp21 (TimeSub/secondCarryOut<5>)
     LUT4:I0->O            1   0.097   0.279  TimeSub/seventhadder/Mxor_sum_xo<0>1 (time_total_6_OBUF)
     OBUF:I->O                 0.000          time_total_6_OBUF (time_total<6>)
    ----------------------------------------
    Total                      3.195ns (0.389ns logic, 2.807ns route)
                                       (12.2% logic, 87.8% route)

=========================================================================

Cross Clock Domains Report:
--------------------------

=========================================================================


Total REAL time to Xst completion: 10.00 secs
Total CPU time to Xst completion: 10.21 secs
 
--> 

Total memory usage is 4616584 kilobytes

Number of errors   :    0 (   0 filtered)
Number of warnings :    2 (   0 filtered)
Number of infos    :    2 (   0 filtered)

