Release 14.7 - xst P.20131013 (nt64)
Copyright (c) 1995-2013 Xilinx, Inc.  All rights reserved.
--> Parameter TMPDIR set to xst/projnav.tmp


Total REAL time to Xst completion: 0.00 secs
Total CPU time to Xst completion: 0.15 secs
 
--> Parameter xsthdpdir set to xst


Total REAL time to Xst completion: 0.00 secs
Total CPU time to Xst completion: 0.15 secs
 
--> Reading design: FSM.prj

TABLE OF CONTENTS
  1) Synthesis Options Summary
  2) HDL Parsing
  3) HDL Elaboration
  4) HDL Synthesis
       4.1) HDL Synthesis Report
  5) Advanced HDL Synthesis
       5.1) Advanced HDL Synthesis Report
  6) Low Level Synthesis
  7) Partition Report
  8) Design Summary
       8.1) Primitive and Black Box Usage
       8.2) Device utilization summary
       8.3) Partition Resource Summary
       8.4) Timing Report
            8.4.1) Clock Information
            8.4.2) Asynchronous Control Signals Information
            8.4.3) Timing Summary
            8.4.4) Timing Details
            8.4.5) Cross Clock Domains Report


=========================================================================
*                      Synthesis Options Summary                        *
=========================================================================
---- Source Parameters
Input File Name                    : "FSM.prj"
Ignore Synthesis Constraint File   : NO

---- Target Parameters
Output File Name                   : "FSM"
Output Format                      : NGC
Target Device                      : xc7a100t-3-csg324

---- Source Options
Top Module Name                    : FSM
Automatic FSM Extraction           : YES
FSM Encoding Algorithm             : Auto
Safe Implementation                : No
FSM Style                          : LUT
RAM Extraction                     : Yes
RAM Style                          : Auto
ROM Extraction                     : Yes
Shift Register Extraction          : YES
ROM Style                          : Auto
Resource Sharing                   : YES
Asynchronous To Synchronous        : NO
Shift Register Minimum Size        : 2
Use DSP Block                      : Auto
Automatic Register Balancing       : No

---- Target Options
LUT Combining                      : Auto
Reduce Control Sets                : Auto
Add IO Buffers                     : YES
Global Maximum Fanout              : 100000
Add Generic Clock Buffer(BUFG)     : 32
Register Duplication               : YES
Optimize Instantiated Primitives   : NO
Use Clock Enable                   : Auto
Use Synchronous Set                : Auto
Use Synchronous Reset              : Auto
Pack IO Registers into IOBs        : Auto
Equivalent register Removal        : YES

---- General Options
Optimization Goal                  : Speed
Optimization Effort                : 1
Power Reduction                    : NO
Keep Hierarchy                     : No
Netlist Hierarchy                  : As_Optimized
RTL Output                         : Yes
Global Optimization                : AllClockNets
Read Cores                         : YES
Write Timing Constraints           : NO
Cross Clock Analysis               : NO
Hierarchy Separator                : /
Bus Delimiter                      : <>
Case Specifier                     : Maintain
Slice Utilization Ratio            : 100
BRAM Utilization Ratio             : 100
DSP48 Utilization Ratio            : 100
Auto BRAM Packing                  : NO
Slice Utilization Ratio Delta      : 5

=========================================================================


=========================================================================
*                          HDL Parsing                                  *
=========================================================================
Analyzing Verilog file "C:\Users\ASUS.PIESC\Desktop\logicLab\10\lab10new\xnorComparator4bit.v" into library work
Parsing module <xnorComparator4bit>.
Analyzing Verilog file "C:\Users\ASUS.PIESC\Desktop\logicLab\10\lab10new\DFF.v" into library work
Parsing module <DFF>.
Analyzing Verilog file "C:\Users\ASUS.PIESC\Desktop\logicLab\10\lab10new\FSM.v" into library work
Parsing module <FSM>.

=========================================================================
*                            HDL Elaboration                            *
=========================================================================

Elaborating module <FSM>.

Elaborating module <xnorComparator4bit>.

Elaborating module <DFF>.
WARNING:HDLCompiler:634 - "C:\Users\ASUS.PIESC\Desktop\logicLab\10\lab10new\FSM.v" Line 43: Net <n1MiddleWire> does not have a driver.
WARNING:Xst:2972 - "C:\Users\ASUS.PIESC\Desktop\logicLab\10\lab10new\FSM.v" line 26. All outputs of instance <checkingPassword> of block <xnorComparator4bit> are unconnected in block <FSM>. Underlying logic will be removed.

=========================================================================
*                           HDL Synthesis                               *
=========================================================================

Synthesizing Unit <FSM>.
    Related source file is "C:\Users\ASUS.PIESC\Desktop\logicLab\10\lab10new\FSM.v".
INFO:Xst:3210 - "C:\Users\ASUS.PIESC\Desktop\logicLab\10\lab10new\FSM.v" line 26: Output port <out> of the instance <checkingPassword> is unconnected or connected to loadless signal.
WARNING:Xst:653 - Signal <n1MiddleWire> is used but never assigned. This sourceless signal will be automatically connected to value GND.
    Summary:
	no macro.
Unit <FSM> synthesized.

Synthesizing Unit <DFF>.
    Related source file is "C:\Users\ASUS.PIESC\Desktop\logicLab\10\lab10new\DFF.v".
    Found 1-bit register for signal <q2>.
    Summary:
	inferred   1 D-type flip-flop(s).
Unit <DFF> synthesized.

=========================================================================
HDL Synthesis Report

Macro Statistics
# Registers                                            : 3
 1-bit register                                        : 3

=========================================================================

=========================================================================
*                       Advanced HDL Synthesis                          *
=========================================================================

WARNING:Xst:1710 - FF/Latch <q2> (without init value) has a constant value of 0 in block <n1>. This FF/Latch will be trimmed during the optimization process.
WARNING:Xst:1290 - Hierarchical block <n1> is unconnected in block <FSM>.
   It will be removed from the design.

=========================================================================
Advanced HDL Synthesis Report

Macro Statistics
# Registers                                            : 3
 Flip-Flops                                            : 3

=========================================================================

=========================================================================
*                         Low Level Synthesis                           *
=========================================================================
WARNING:Xst:1710 - FF/Latch <n1/q2> (without init value) has a constant value of 0 in block <FSM>. This FF/Latch will be trimmed during the optimization process.

Optimizing unit <FSM> ...

Mapping all equations...
Building and optimizing final netlist ...
Found area constraint ratio of 100 (+ 5) on block FSM, actual ratio is 0.

Final Macro Processing ...

=========================================================================
Final Register Report

Macro Statistics
# Registers                                            : 2
 Flip-Flops                                            : 2

=========================================================================

=========================================================================
*                           Partition Report                            *
=========================================================================

Partition Implementation Status
-------------------------------

  No Partitions were found in this design.

-------------------------------

=========================================================================
*                            Design Summary                             *
=========================================================================

Top Level Output File Name         : FSM.ngc

Primitive and Black Box Usage:
------------------------------
# BELS                             : 4
#      LUT4                        : 2
#      LUT5                        : 2
# FlipFlops/Latches                : 2
#      FD                          : 2
# Clock Buffers                    : 1
#      BUFGP                       : 1
# IO Buffers                       : 5
#      IBUF                        : 3
#      OBUF                        : 2

Device utilization summary:
---------------------------

Selected Device : 7a100tcsg324-3 


Slice Logic Utilization: 
 Number of Slice Registers:               2  out of  126800     0%  
 Number of Slice LUTs:                    4  out of  63400     0%  
    Number used as Logic:                 4  out of  63400     0%  

Slice Logic Distribution: 
 Number of LUT Flip Flop pairs used:      6
   Number with an unused Flip Flop:       4  out of      6    66%  
   Number with an unused LUT:             2  out of      6    33%  
   Number of fully used LUT-FF pairs:     0  out of      6     0%  
   Number of unique control sets:         1

IO Utilization: 
 Number of IOs:                          14
 Number of bonded IOBs:                   6  out of    210     2%  

Specific Feature Utilization:
 Number of BUFG/BUFGCTRLs:                1  out of     32     3%  

---------------------------
Partition Resource Summary:
---------------------------

  No Partitions were found in this design.

---------------------------


=========================================================================
Timing Report

NOTE: THESE TIMING NUMBERS ARE ONLY A SYNTHESIS ESTIMATE.
      FOR ACCURATE TIMING INFORMATION PLEASE REFER TO THE TRACE REPORT
      GENERATED AFTER PLACE-and-ROUTE.

Clock Information:
------------------
-----------------------------------+------------------------+-------+
Clock Signal                       | Clock buffer(FF name)  | Load  |
-----------------------------------+------------------------+-------+
clk                                | BUFGP                  | 2     |
-----------------------------------+------------------------+-------+

Asynchronous Control Signals Information:
----------------------------------------
No asynchronous control signals found in this design

Timing Summary:
---------------
Speed Grade: -3

   Minimum period: 0.859ns (Maximum Frequency: 1163.738MHz)
   Minimum input arrival time before clock: 0.676ns
   Maximum output required time after clock: 1.131ns
   Maximum combinational path delay: 1.065ns

Timing Details:
---------------
All values displayed in nanoseconds (ns)

=========================================================================
Timing constraint: Default period analysis for Clock 'clk'
  Clock period: 0.859ns (frequency: 1163.738MHz)
  Total number of paths / destination ports: 4 / 2
-------------------------------------------------------------------------
Delay:               0.859ns (Levels of Logic = 1)
  Source:            n3/q2 (FF)
  Destination:       n3/q2 (FF)
  Source Clock:      clk rising
  Destination Clock: clk rising

  Data Path: n3/q2 to n3/q2
                                Gate     Net
    Cell:in->out      fanout   Delay   Delay  Logical Name (Net Name)
    ----------------------------------------  ------------
     FD:C->Q               4   0.361   0.393  n3/q2 (n3/q2)
     LUT4:I2->O            1   0.097   0.000  out31 (in2)
     FD:D                      0.008          n3/q2
    ----------------------------------------
    Total                      0.859ns (0.466ns logic, 0.393ns route)
                                       (54.2% logic, 45.8% route)

=========================================================================
Timing constraint: Default OFFSET IN BEFORE for Clock 'clk'
  Total number of paths / destination ports: 4 / 2
-------------------------------------------------------------------------
Offset:              0.676ns (Levels of Logic = 2)
  Source:            confirm (PAD)
  Destination:       n3/q2 (FF)
  Destination Clock: clk rising

  Data Path: confirm to n3/q2
                                Gate     Net
    Cell:in->out      fanout   Delay   Delay  Logical Name (Net Name)
    ----------------------------------------  ------------
     IBUF:I->O             4   0.001   0.570  confirm_IBUF (confirm_IBUF)
     LUT4:I0->O            1   0.097   0.000  out31 (in2)
     FD:D                      0.008          n3/q2
    ----------------------------------------
    Total                      0.676ns (0.106ns logic, 0.570ns route)
                                       (15.7% logic, 84.3% route)

=========================================================================
Timing constraint: Default OFFSET OUT AFTER for Clock 'clk'
  Total number of paths / destination ports: 4 / 2
-------------------------------------------------------------------------
Offset:              1.131ns (Levels of Logic = 2)
  Source:            n0/q2 (FF)
  Destination:       evenEnable (PAD)
  Source Clock:      clk rising

  Data Path: n0/q2 to evenEnable
                                Gate     Net
    Cell:in->out      fanout   Delay   Delay  Logical Name (Net Name)
    ----------------------------------------  ------------
     FD:C->Q               4   0.361   0.393  n0/q2 (n0/q2)
     LUT5:I3->O            1   0.097   0.279  out11 (evenEnable_OBUF)
     OBUF:I->O                 0.000          evenEnable_OBUF (evenEnable)
    ----------------------------------------
    Total                      1.131ns (0.458ns logic, 0.673ns route)
                                       (40.5% logic, 59.5% route)

=========================================================================
Timing constraint: Default path analysis
  Total number of paths / destination ports: 6 / 2
-------------------------------------------------------------------------
Delay:               1.065ns (Levels of Logic = 3)
  Source:            d (PAD)
  Destination:       evenEnable (PAD)

  Data Path: d to evenEnable
                                Gate     Net
    Cell:in->out      fanout   Delay   Delay  Logical Name (Net Name)
    ----------------------------------------  ------------
     IBUF:I->O             2   0.001   0.688  d_IBUF (d_IBUF)
     LUT5:I0->O            1   0.097   0.279  out11 (evenEnable_OBUF)
     OBUF:I->O                 0.000          evenEnable_OBUF (evenEnable)
    ----------------------------------------
    Total                      1.065ns (0.098ns logic, 0.967ns route)
                                       (9.2% logic, 90.8% route)

=========================================================================

Cross Clock Domains Report:
--------------------------

Clock to Setup on destination clock clk
---------------+---------+---------+---------+---------+
               | Src:Rise| Src:Fall| Src:Rise| Src:Fall|
Source Clock   |Dest:Rise|Dest:Rise|Dest:Fall|Dest:Fall|
---------------+---------+---------+---------+---------+
clk            |    0.859|         |         |         |
---------------+---------+---------+---------+---------+

=========================================================================


Total REAL time to Xst completion: 14.00 secs
Total CPU time to Xst completion: 14.25 secs
 
--> 

Total memory usage is 4616616 kilobytes

Number of errors   :    0 (   0 filtered)
Number of warnings :    6 (   0 filtered)
Number of infos    :    1 (   0 filtered)

