Release 14.7 - xst P.20131013 (nt64)
Copyright (c) 1995-2013 Xilinx, Inc.  All rights reserved.
--> Parameter TMPDIR set to xst/projnav.tmp


Total REAL time to Xst completion: 0.00 secs
Total CPU time to Xst completion: 0.13 secs
 
--> Parameter xsthdpdir set to xst


Total REAL time to Xst completion: 0.00 secs
Total CPU time to Xst completion: 0.13 secs
 
--> Reading design: system.prj

TABLE OF CONTENTS
  1) Synthesis Options Summary
  2) HDL Parsing
  3) HDL Elaboration
  4) HDL Synthesis
       4.1) HDL Synthesis Report
  5) Advanced HDL Synthesis
       5.1) Advanced HDL Synthesis Report
  6) Low Level Synthesis
  7) Partition Report
  8) Design Summary
       8.1) Primitive and Black Box Usage
       8.2) Device utilization summary
       8.3) Partition Resource Summary
       8.4) Timing Report
            8.4.1) Clock Information
            8.4.2) Asynchronous Control Signals Information
            8.4.3) Timing Summary
            8.4.4) Timing Details
            8.4.5) Cross Clock Domains Report


=========================================================================
*                      Synthesis Options Summary                        *
=========================================================================
---- Source Parameters
Input File Name                    : "system.prj"
Ignore Synthesis Constraint File   : NO

---- Target Parameters
Output File Name                   : "system"
Output Format                      : NGC
Target Device                      : xc7a100t-3-csg324

---- Source Options
Top Module Name                    : system
Automatic FSM Extraction           : YES
FSM Encoding Algorithm             : Auto
Safe Implementation                : No
FSM Style                          : LUT
RAM Extraction                     : Yes
RAM Style                          : Auto
ROM Extraction                     : Yes
Shift Register Extraction          : YES
ROM Style                          : Auto
Resource Sharing                   : YES
Asynchronous To Synchronous        : NO
Shift Register Minimum Size        : 2
Use DSP Block                      : Auto
Automatic Register Balancing       : No

---- Target Options
LUT Combining                      : Auto
Reduce Control Sets                : Auto
Add IO Buffers                     : YES
Global Maximum Fanout              : 100000
Add Generic Clock Buffer(BUFG)     : 32
Register Duplication               : YES
Optimize Instantiated Primitives   : NO
Use Clock Enable                   : Auto
Use Synchronous Set                : Auto
Use Synchronous Reset              : Auto
Pack IO Registers into IOBs        : Auto
Equivalent register Removal        : YES

---- General Options
Optimization Goal                  : Speed
Optimization Effort                : 1
Power Reduction                    : NO
Keep Hierarchy                     : No
Netlist Hierarchy                  : As_Optimized
RTL Output                         : Yes
Global Optimization                : AllClockNets
Read Cores                         : YES
Write Timing Constraints           : NO
Cross Clock Analysis               : NO
Hierarchy Separator                : /
Bus Delimiter                      : <>
Case Specifier                     : Maintain
Slice Utilization Ratio            : 100
BRAM Utilization Ratio             : 100
DSP48 Utilization Ratio            : 100
Auto BRAM Packing                  : NO
Slice Utilization Ratio Delta      : 5

=========================================================================


=========================================================================
*                          HDL Parsing                                  *
=========================================================================
Analyzing Verilog file "C:\Users\ASUS.PIESC\Desktop\logicLab\10\fsm\register.v" into library work
Parsing module <register>.
WARNING:HDLCompiler:751 - "C:\Users\ASUS.PIESC\Desktop\logicLab\10\fsm\register.v" Line 28: Redeclaration of ansi port qout is not allowed
Analyzing Verilog file "C:\Users\ASUS.PIESC\Desktop\logicLab\10\fsm\fsm.v" into library work
Parsing module <fsm>.
WARNING:HDLCompiler:751 - "C:\Users\ASUS.PIESC\Desktop\logicLab\10\fsm\fsm.v" Line 30: Redeclaration of ansi port dout is not allowed
WARNING:HDLCompiler:751 - "C:\Users\ASUS.PIESC\Desktop\logicLab\10\fsm\fsm.v" Line 31: Redeclaration of ansi port enLeft is not allowed
WARNING:HDLCompiler:751 - "C:\Users\ASUS.PIESC\Desktop\logicLab\10\fsm\fsm.v" Line 32: Redeclaration of ansi port enRight is not allowed
Analyzing Verilog file "C:\Users\ASUS.PIESC\Desktop\logicLab\10\fsm\system.v" into library work
Parsing module <system>.

=========================================================================
*                            HDL Elaboration                            *
=========================================================================

Elaborating module <system>.

Elaborating module <fsm>.

Elaborating module <register>.

=========================================================================
*                           HDL Synthesis                               *
=========================================================================

Synthesizing Unit <system>.
    Related source file is "C:\Users\ASUS.PIESC\Desktop\logicLab\10\fsm\system.v".
    Summary:
	no macro.
Unit <system> synthesized.

Synthesizing Unit <fsm>.
    Related source file is "C:\Users\ASUS.PIESC\Desktop\logicLab\10\fsm\fsm.v".
        s0 = 3'b000
        s1 = 3'b001
        s2 = 3'b010
        s3 = 3'b100
        s4 = 3'b101
        s5 = 3'b110
        s6 = 3'b111
WARNING:Xst:647 - Input <confirm> is never used. This port will be preserved and left unconnected if it belongs to a top-level block or it belongs to a sub-block and the hierarchy of this sub-block is preserved.
    Found 3-bit register for signal <prvsState>.
    Found 8x4-bit Read Only RAM for signal <_n0038>
WARNING:Xst:737 - Found 1-bit latch for signal <nxtState<2>>. Latches may be generated from incomplete case or if statements. We do not recommend the use of latches in FPGA/CPLD designs, as they may lead to timing problems.
WARNING:Xst:737 - Found 1-bit latch for signal <nxtState<1>>. Latches may be generated from incomplete case or if statements. We do not recommend the use of latches in FPGA/CPLD designs, as they may lead to timing problems.
WARNING:Xst:737 - Found 1-bit latch for signal <nxtState<0>>. Latches may be generated from incomplete case or if statements. We do not recommend the use of latches in FPGA/CPLD designs, as they may lead to timing problems.
WARNING:Xst:737 - Found 1-bit latch for signal <enLeft>. Latches may be generated from incomplete case or if statements. We do not recommend the use of latches in FPGA/CPLD designs, as they may lead to timing problems.
WARNING:Xst:737 - Found 1-bit latch for signal <enRight>. Latches may be generated from incomplete case or if statements. We do not recommend the use of latches in FPGA/CPLD designs, as they may lead to timing problems.
    Summary:
	inferred   1 RAM(s).
	inferred   3 D-type flip-flop(s).
	inferred   5 Latch(s).
	inferred   8 Multiplexer(s).
Unit <fsm> synthesized.

Synthesizing Unit <register>.
    Related source file is "C:\Users\ASUS.PIESC\Desktop\logicLab\10\fsm\register.v".
    Found 4-bit register for signal <qout>.
    Summary:
	inferred   4 D-type flip-flop(s).
	inferred   1 Multiplexer(s).
Unit <register> synthesized.

=========================================================================
HDL Synthesis Report

Macro Statistics
# RAMs                                                 : 1
 8x4-bit single-port Read Only RAM                     : 1
# Registers                                            : 3
 3-bit register                                        : 1
 4-bit register                                        : 2
# Latches                                              : 5
 1-bit latch                                           : 5
# Multiplexers                                         : 10
 1-bit 2-to-1 multiplexer                              : 8
 4-bit 2-to-1 multiplexer                              : 2

=========================================================================

=========================================================================
*                       Advanced HDL Synthesis                          *
=========================================================================

WARNING:Xst:1710 - FF/Latch <enLeft> (without init value) has a constant value of 0 in block <f1>. This FF/Latch will be trimmed during the optimization process.

Synthesizing (advanced) Unit <fsm>.
INFO:Xst:3218 - HDL ADVISOR - The RAM <Mram__n0038> will be implemented on LUTs either because you have described an asynchronous read or because of currently unsupported block RAM features. If you have described an asynchronous read, making it synchronous would allow you to take advantage of available block RAM resources, for optimized device usage and improved timings. Please refer to your documentation for coding guidelines.
    -----------------------------------------------------------------------
    | ram_type           | Distributed                         |          |
    -----------------------------------------------------------------------
    | Port A                                                              |
    |     aspect ratio   | 8-word x 4-bit                      |          |
    |     weA            | connected to signal <GND>           | high     |
    |     addrA          | connected to signal <prvsState>     |          |
    |     diA            | connected to signal <GND>           |          |
    |     doA            | connected to internal node          |          |
    -----------------------------------------------------------------------
Unit <fsm> synthesized (advanced).

=========================================================================
Advanced HDL Synthesis Report

Macro Statistics
# RAMs                                                 : 1
 8x4-bit single-port distributed Read Only RAM         : 1
# Registers                                            : 11
 Flip-Flops                                            : 11
# Multiplexers                                         : 16
 1-bit 2-to-1 multiplexer                              : 16

=========================================================================

=========================================================================
*                         Low Level Synthesis                           *
=========================================================================
WARNING:Xst:1710 - FF/Latch <enLeft> (without init value) has a constant value of 0 in block <fsm>. This FF/Latch will be trimmed during the optimization process.

Optimizing unit <system> ...

Optimizing unit <fsm> ...

Mapping all equations...
Building and optimizing final netlist ...
Found area constraint ratio of 100 (+ 5) on block system, actual ratio is 0.
FlipFlop rLeft/qout_3 has been replicated 1 time(s) to handle iob=true attribute.
FlipFlop rRight/qout_3 has been replicated 1 time(s) to handle iob=true attribute.

Final Macro Processing ...

Processing Unit <system> :
	Found 2-bit shift register for signal <rLeft/qout_2>.
Unit <system> processed.

=========================================================================
Final Register Report

Macro Statistics
# Registers                                            : 11
 Flip-Flops                                            : 11
# Shift Registers                                      : 1
 2-bit shift register                                  : 1

=========================================================================

=========================================================================
*                           Partition Report                            *
=========================================================================

Partition Implementation Status
-------------------------------

  No Partitions were found in this design.

-------------------------------

=========================================================================
*                            Design Summary                             *
=========================================================================

Top Level Output File Name         : system.ngc

Primitive and Black Box Usage:
------------------------------
# BELS                             : 15
#      GND                         : 1
#      INV                         : 1
#      LUT2                        : 6
#      LUT3                        : 4
#      LUT6                        : 2
#      VCC                         : 1
# FlipFlops/Latches                : 16
#      FD                          : 8
#      FDC                         : 3
#      FDE                         : 1
#      LD                          : 4
# Shift Registers                  : 1
#      SRLC16E                     : 1
# Clock Buffers                    : 1
#      BUFGP                       : 1
# IO Buffers                       : 13
#      IBUF                        : 5
#      OBUF                        : 8

Device utilization summary:
---------------------------

Selected Device : 7a100tcsg324-3 


Slice Logic Utilization: 
 Number of Slice Registers:              14  out of  126800     0%  
 Number of Slice LUTs:                   14  out of  63400     0%  
    Number used as Logic:                13  out of  63400     0%  
    Number used as Memory:                1  out of  19000     0%  
       Number used as SRL:                1

Slice Logic Distribution: 
 Number of LUT Flip Flop pairs used:     17
   Number with an unused Flip Flop:       3  out of     17    17%  
   Number with an unused LUT:             3  out of     17    17%  
   Number of fully used LUT-FF pairs:    11  out of     17    64%  
   Number of unique control sets:         5

IO Utilization: 
 Number of IOs:                          15
 Number of bonded IOBs:                  14  out of    210     6%  
    IOB Flip Flops/Latches:               2

Specific Feature Utilization:
 Number of BUFG/BUFGCTRLs:                1  out of     32     3%  

---------------------------
Partition Resource Summary:
---------------------------

  No Partitions were found in this design.

---------------------------


=========================================================================
Timing Report

NOTE: THESE TIMING NUMBERS ARE ONLY A SYNTHESIS ESTIMATE.
      FOR ACCURATE TIMING INFORMATION PLEASE REFER TO THE TRACE REPORT
      GENERATED AFTER PLACE-and-ROUTE.

Clock Information:
------------------
--------------------------------------------------------------------------+------------------------+-------+
Clock Signal                                                              | Clock buffer(FF name)  | Load  |
--------------------------------------------------------------------------+------------------------+-------+
clk                                                                       | BUFGP                  | 13    |
f1/prvsState[2]_PWR_7_o_Mux_46_o(f1/Mmux_prvsState[2]_PWR_7_o_Mux_46_o1:O)| NONE(*)(f1/enRight)    | 1     |
f1/Mram__n00382(f1/Mram__n003821:O)                                       | NONE(*)(f1/nxtState_1) | 3     |
--------------------------------------------------------------------------+------------------------+-------+
(*) These 2 clock signal(s) are generated by combinatorial logic,
and XST is not able to identify which are the primary clock signals.
Please use the CLOCK_SIGNAL constraint to specify the clock signal(s) generated by combinatorial logic.
INFO:Xst:2169 - HDL ADVISOR - Some clock signals were not automatically buffered by XST with BUFG/BUFR resources. Please use the buffer_type constraint in order to insert these buffers to the clock signals to help prevent skew problems.

Asynchronous Control Signals Information:
----------------------------------------
No asynchronous control signals found in this design

Timing Summary:
---------------
Speed Grade: -3

   Minimum period: 1.314ns (Maximum Frequency: 761.035MHz)
   Minimum input arrival time before clock: 1.135ns
   Maximum output required time after clock: 0.645ns
   Maximum combinational path delay: No path found

Timing Details:
---------------
All values displayed in nanoseconds (ns)

=========================================================================
Timing constraint: Default period analysis for Clock 'clk'
  Clock period: 1.314ns (frequency: 761.035MHz)
  Total number of paths / destination ports: 6 / 6
-------------------------------------------------------------------------
Delay:               1.314ns (Levels of Logic = 0)
  Source:            rLeft/Mshreg_qout_2 (FF)
  Destination:       rLeft/qout_2 (FF)
  Source Clock:      clk rising
  Destination Clock: clk rising

  Data Path: rLeft/Mshreg_qout_2 to rLeft/qout_2
                                Gate     Net
    Cell:in->out      fanout   Delay   Delay  Logical Name (Net Name)
    ----------------------------------------  ------------
     SRLC16E:CLK->Q        1   1.306   0.000  rLeft/Mshreg_qout_2 (rLeft/Mshreg_qout_2)
     FDE:D                     0.008          rLeft/qout_2
    ----------------------------------------
    Total                      1.314ns (1.314ns logic, 0.000ns route)
                                       (100.0% logic, 0.0% route)

=========================================================================
Timing constraint: Default OFFSET IN BEFORE for Clock 'clk'
  Total number of paths / destination ports: 7 / 7
-------------------------------------------------------------------------
Offset:              1.045ns (Levels of Logic = 2)
  Source:            rst (PAD)
  Destination:       f1/prvsState_2 (FF)
  Destination Clock: clk rising

  Data Path: rst to f1/prvsState_2
                                Gate     Net
    Cell:in->out      fanout   Delay   Delay  Logical Name (Net Name)
    ----------------------------------------  ------------
     IBUF:I->O             4   0.001   0.293  rst_IBUF (rst_IBUF)
     INV:I->O              3   0.113   0.289  f1/rst_inv1_INV_0 (f1/rst_inv)
     FDC:CLR                   0.349          f1/prvsState_0
    ----------------------------------------
    Total                      1.045ns (0.463ns logic, 0.582ns route)
                                       (44.3% logic, 55.7% route)

=========================================================================
Timing constraint: Default OFFSET IN BEFORE for Clock 'f1/Mram__n00382'
  Total number of paths / destination ports: 4 / 1
-------------------------------------------------------------------------
Offset:              1.135ns (Levels of Logic = 3)
  Source:            din<0> (PAD)
  Destination:       f1/nxtState_1 (LATCH)
  Destination Clock: f1/Mram__n00382 falling

  Data Path: din<0> to f1/nxtState_1
                                Gate     Net
    Cell:in->out      fanout   Delay   Delay  Logical Name (Net Name)
    ----------------------------------------  ------------
     IBUF:I->O             2   0.001   0.383  din_0_IBUF (din_0_IBUF)
     LUT2:I0->O            1   0.097   0.556  f1/Mmux_prvsState[2]_PWR_2_o_Mux_6_o1_SW0 (N2)
     LUT6:I2->O            1   0.097   0.000  f1/Mmux_prvsState[2]_PWR_2_o_Mux_6_o1 (f1/prvsState[2]_PWR_2_o_Mux_6_o)
     LD:D                     -0.028          f1/nxtState_1
    ----------------------------------------
    Total                      1.135ns (0.195ns logic, 0.940ns route)
                                       (17.2% logic, 82.8% route)

=========================================================================
Timing constraint: Default OFFSET OUT AFTER for Clock 'clk'
  Total number of paths / destination ports: 8 / 8
-------------------------------------------------------------------------
Offset:              0.645ns (Levels of Logic = 1)
  Source:            rLeft/qout_2 (FF)
  Destination:       doutLeft<2> (PAD)
  Source Clock:      clk rising

  Data Path: rLeft/qout_2 to doutLeft<2>
                                Gate     Net
    Cell:in->out      fanout   Delay   Delay  Logical Name (Net Name)
    ----------------------------------------  ------------
     FDE:C->Q              2   0.361   0.283  rLeft/qout_2 (rLeft/qout_2)
     OBUF:I->O                 0.000          doutLeft_2_OBUF (doutLeft<2>)
    ----------------------------------------
    Total                      0.645ns (0.361ns logic, 0.283ns route)
                                       (56.0% logic, 44.0% route)

=========================================================================

Cross Clock Domains Report:
--------------------------

Clock to Setup on destination clock clk
--------------------------------+---------+---------+---------+---------+
                                | Src:Rise| Src:Fall| Src:Rise| Src:Fall|
Source Clock                    |Dest:Rise|Dest:Rise|Dest:Fall|Dest:Fall|
--------------------------------+---------+---------+---------+---------+
clk                             |    1.314|         |         |         |
f1/Mram__n00382                 |         |    0.759|         |         |
f1/prvsState[2]_PWR_7_o_Mux_46_o|         |    0.970|         |         |
--------------------------------+---------+---------+---------+---------+

Clock to Setup on destination clock f1/Mram__n00382
---------------+---------+---------+---------+---------+
               | Src:Rise| Src:Fall| Src:Rise| Src:Fall|
Source Clock   |Dest:Rise|Dest:Rise|Dest:Fall|Dest:Fall|
---------------+---------+---------+---------+---------+
clk            |         |         |    1.174|         |
---------------+---------+---------+---------+---------+

Clock to Setup on destination clock f1/prvsState[2]_PWR_7_o_Mux_46_o
---------------+---------+---------+---------+---------+
               | Src:Rise| Src:Fall| Src:Rise| Src:Fall|
Source Clock   |Dest:Rise|Dest:Rise|Dest:Fall|Dest:Fall|
---------------+---------+---------+---------+---------+
clk            |         |         |    0.992|         |
---------------+---------+---------+---------+---------+

=========================================================================


Total REAL time to Xst completion: 11.00 secs
Total CPU time to Xst completion: 10.91 secs
 
--> 

Total memory usage is 4616620 kilobytes

Number of errors   :    0 (   0 filtered)
Number of warnings :   12 (   0 filtered)
Number of infos    :    2 (   0 filtered)

